Microchip MPLAB XC8 Compiler V1.21 ()

Linker command line:

--edf=C:\Program Files\Microchip\xc8\v1.21\dat\en_msgs.txt -cs \
  -h+dist/default/production\PR10B.X.production.sym \
  --cmf=dist/default/production\PR10B.X.production.cmf -z -Q16F876A \
  -oC:\DOCUME~1\Sales\LOCALS~1\Temp\s2pg.6 \
  -Mdist/default/production/PR10B.X.production.map -E1 -ver=XC8 \
  -ACONST=00h-0FFhx32 -ACODE=00h-07FFhx4 -ASTRCODE=00h-01FFFh \
  -AENTRY=00h-0FFhx32 -ASTRING=00h-0FFhx32 -ACOMMON=070h-07Fh \
  -ABANK0=020h-06Fh -ABANK1=0A0h-0EFh -ABANK2=0110h-016Fh \
  -ABANK3=0190h-01EFh -ARAM=020h-06Fh,0A0h-0EFh,0110h-016Fh,0190h-01EFh \
  -AABS1=020h-07Fh,0A0h-0EFh,0110h-016Fh,0190h-01EFh -ASFR0=00h-01Fh \
  -ASFR1=080h-09Fh -ASFR2=0100h-010Fh -ASFR3=0180h-018Fh \
  -preset_vec=00h,intentry,init,end_init -ppowerup=CODE -pcinit=CODE \
  -pfunctab=CODE -ACONFIG=02007h-02007h -pconfig=CONFIG -DCONFIG=2 \
  -AIDLOC=02000h-02003h -pidloc=IDLOC -DIDLOC=2 -AEEDATA=00h-0FFh/02100h \
  -peeprom_data=EEDATA -DEEDATA=2 -DCODE=2 -DSTRCODE=2 -DSTRING=2 -DCONST=2 \
  -DENTRY=2 -k C:\DOCUME~1\Sales\LOCALS~1\Temp\s2pg.obj \
  dist/default/production\PR10B.X.production.obj 

Object code version is 3.11

Machine type is 16F876A



                Name                               Link     Load   Length Selector   Space Scale
C:\DOCUME~1\Sales\LOCALS~1\Temp\s2pg.obj
                end_init                              0        0        3        0       0
                config                             2007     2007        1     400E       0
dist/default/production\PR10B.X.production.obj
                cinit                               7F8      7F8        8      FF0       0
                text1                               786      786       23      F0C       0
                maintext                            7A9      7A9       4F      F52       0
                cstackCOMMON                         70       70        9       70       1
                dataCOMMON                           79       79        1       70       1
                idataCOMMON                         785      785        1      F0A       0

TOTAL           Name                               Link     Load   Length     Space
        CLASS   CONST          

        CLASS   CODE           
                end_init                              0        0        3         0
                cinit                               7F8      7F8        8         0
                text1                               786      786       23         0
                maintext                            7A9      7A9       4F         0
                idataCOMMON                         785      785        1         0

        CLASS   STRCODE        

        CLASS   ENTRY          

        CLASS   STRING         

        CLASS   COMMON         
                cstackCOMMON                         70       70        9         1
                dataCOMMON                           79       79        1         1

        CLASS   BANK0          

        CLASS   BANK1          

        CLASS   BANK2          

        CLASS   BANK3          

        CLASS   RAM            

        CLASS   ABS1           
                abs_s1                               7E       7E        2         1

        CLASS   SFR0           

        CLASS   SFR1           

        CLASS   SFR2           

        CLASS   SFR3           

        CLASS   CONFIG         
                config                             2007     2007        1         0

        CLASS   IDLOC          

        CLASS   EEDATA         



SEGMENTS        Name                           Load    Length   Top    Selector   Space  Class     Delta

                reset_vec                      000000  000003  000003         0       0  CODE        2
                cstackCOMMON                   000070  00000A  00007A        70       1  COMMON      1
                idataCOMMON                    000785  000001  000786       F0A       0  CODE        2
                text1                          000786  000023  0007A9       F0C       0  CODE        2
                maintext                       0007A9  00004F  0007F8       F52       0  CODE        2
                cinit                          0007F8  000008  000800       FF0       0  CODE        2
                config                         002007  000001  002008      400E       0  CONFIG      2


UNUSED ADDRESS RANGES

        Name                Unused          Largest block    Delta
        BANK0            0020-006F             50           1
        BANK1            00A0-00EF             50           1
        BANK2            0110-016F             60           1
        BANK3            0190-01EF             60           1
        CODE             0003-0784            782           2
                         0800-1FFF            800
        COMMON           007A-007D              4           1
        CONST            0003-0784            100           2
                         0800-1FFF            100
        EEDATA           2100-21FF            100           2
        ENTRY            0003-0784            100           2
                         0800-1FFF            100
        IDLOC            2000-2003              4           2
        RAM              0020-006F             50           1
                         00A0-00EF             50
                         0110-016F             60
                         0190-01EF             60
        SFR0             0000-001F             20           1
        SFR1             0080-009F             20           1
        SFR2             0100-010F             10           1
        SFR3             0180-018F             10           1
        STRCODE          0003-0784            782           2
                         0800-1FFF           1800
        STRING           0003-0784            100           2
                         0800-1FFF            100

                                  Symbol Table

?_delay                  cstackCOMMON 0070
_ADCON1                  (abs)        009F
_CCP1CON                 (abs)        0017
_CCPR1L                  (abs)        0015
_PR2                     (abs)        0092
_RA1                     (abs)        0029
_RA2                     (abs)        002A
_RA3                     (abs)        002B
_RA4                     (abs)        002C
_RB1                     (abs)        0031
_RB2                     (abs)        0032
_T2CON                   (abs)        0012
_TRISA                   (abs)        0085
_TRISB                   (abs)        0086
_TRISC                   (abs)        0087
__CFG_BOREN$OFF          (abs)        0000
__CFG_CP$OFF             (abs)        0000
__CFG_CPD$OFF            (abs)        0000
__CFG_DEBUG$OFF          (abs)        0000
__CFG_FOSC$HS            (abs)        0000
__CFG_LVP$OFF            (abs)        0000
__CFG_PWRTE$ON           (abs)        0000
__CFG_WDTE$OFF           (abs)        0000
__CFG_WRT$OFF            (abs)        0000
__Habs1                  abs1         0000
__Hbank0                 bank0        0000
__Hbank1                 bank1        0000
__Hbank2                 bank2        0000
__Hbank3                 bank3        0000
__Hcinit                 cinit        0800
__Hclrtext               clrtext      0000
__Hcode                  code         0000
__Hcommon                common       0000
__Hconfig                config       2008
__HcstackCOMMON          cstackCOMMON 0000
__HdataCOMMON            dataCOMMON   0000
__Heeprom_data           eeprom_data  0000
__Hend_init              end_init     0003
__Hfunctab               functab      0000
__HidataCOMMON           idataCOMMON  0000
__Hidloc                 idloc        0000
__Hinit                  init         0000
__Hintentry              intentry     0000
__Hmaintext              maintext     0000
__Hpowerup               powerup      0000
__Hram                   ram          0000
__Hreset_vec             reset_vec    0000
__Hsfr0                  sfr0         0000
__Hsfr1                  sfr1         0000
__Hsfr2                  sfr2         0000
__Hsfr3                  sfr3         0000
__Hstrings               strings      0000
__Htext                  text         0000
__Labs1                  abs1         0000
__Lbank0                 bank0        0000
__Lbank1                 bank1        0000
__Lbank2                 bank2        0000
__Lbank3                 bank3        0000
__Lcinit                 cinit        07F8
__Lclrtext               clrtext      0000
__Lcode                  code         0000
__Lcommon                common       0000
__Lconfig                config       2007
__LcstackCOMMON          cstackCOMMON 0000
__LdataCOMMON            dataCOMMON   0000
__Leeprom_data           eeprom_data  0000
__Lend_init              end_init     0000
__Lfunctab               functab      0000
__LidataCOMMON           idataCOMMON  0000
__Lidloc                 idloc        0000
__Linit                  init         0000
__Lintentry              intentry     0000
__Lmaintext              maintext     0000
__Lpowerup               powerup      0000
__Lram                   ram          0000
__Lreset_vec             reset_vec    0000
__Lsfr0                  sfr0         0000
__Lsfr1                  sfr1         0000
__Lsfr2                  sfr2         0000
__Lsfr3                  sfr3         0000
__Lstrings               strings      0000
__Ltext                  text         0000
__S0                     (abs)        2008
__S1                     (abs)        007A
__S3                     (abs)        0000
___latbits               (abs)        0002
__end_of__initialization cinit        07FC
__end_of_delay           text1        07A9
__end_of_main            maintext     07F8
__initialization         cinit        07F8
__pcstackCOMMON          cstackCOMMON 0070
__pdataCOMMON            dataCOMMON   0079
__pidataCOMMON           idataCOMMON  0785
__pmaintext              maintext     07A9
__ptext1                 text1        0786
__size_of_delay          (abs)        0000
__size_of_main           (abs)        0000
_delay                   text1        0786
_main                    maintext     07A9
_temp                    dataCOMMON   0079
btemp                    (abs)        007E
delay@data               cstackCOMMON 0070
end_of_initialization    cinit        07FC
intlevel0                functab      0000
intlevel1                functab      0000
intlevel2                functab      0000
intlevel3                functab      0000
intlevel4                functab      0000
intlevel5                functab      0000
reset_vec                reset_vec    0000
start                    init         0000
start_initialization     cinit        07F8
wtemp0                   (abs)        007E


FUNCTION INFORMATION:

 *************** function _main *****************
 Defined at:
		line 54 in file "../../Source file/PR10.c"
 Parameters:    Size  Location     Type
		None
 Auto vars:     Size  Location     Type
		None
 Return value:  Size  Location     Type
		None               void
 Registers used:
		wreg, status,2, status,0, pclath, cstack
 Tracked objects:
		On entry : 
		On exit  : 
		Unchanged: 
 Data sizes:     COMMON   BANK0   BANK1   BANK3   BANK2
      Params:         0       0       0       0       0
      Locals:         0       0       0       0       0
      Temps:          1       0       0       0       0
      Totals:         1       0       0       0       0
Total ram usage:        1 bytes
 Hardware stack levels required when called:    1
 This function calls:
		_delay
 This function is called by:
		Startup code after reset
 This function uses a non-reentrant model


 *************** function _delay *****************
 Defined at:
		line 109 in file "../../Source file/PR10.c"
 Parameters:    Size  Location     Type
  data            4    0[COMMON] unsigned long 
 Auto vars:     Size  Location     Type
		None
 Return value:  Size  Location     Type
		None               void
 Registers used:
		wreg
 Tracked objects:
		On entry : 
		On exit  : 
		Unchanged: 
 Data sizes:     COMMON   BANK0   BANK1   BANK3   BANK2
      Params:         4       0       0       0       0
      Locals:         0       0       0       0       0
      Temps:          4       0       0       0       0
      Totals:         8       0       0       0       0
Total ram usage:        8 bytes
 Hardware stack levels used:    1
 This function calls:
		Nothing
 This function is called by:
		_main
 This function uses a non-reentrant model



MODULE INFORMATION

Module		Function		Class		Link	Load	Size
../../Source file/PR10.c
		_delay         		CODE           	0786	0000	35
		_main          		CODE           	07A9	0000	79

../../Source file/PR10.c estimated size: 114

shared
		__initializatio		CODE           	07F8	0000	4

shared estimated size: 4

